Archive member included because of file (symbol)

c:/users/ahmed/desktop/embedded system/nti/avr/tools/sdk_win_64/sdk_win_64/winavr/bin/../lib/gcc/avr/4.3.3/avr5\libgcc.a(_mulsi3.o)
                              ./TMU_prog.o (__mulsi3)
c:/users/ahmed/desktop/embedded system/nti/avr/tools/sdk_win_64/sdk_win_64/winavr/bin/../lib/gcc/avr/4.3.3/avr5\libgcc.a(_udivmodqi4.o)
                              ./TMU_prog.o (__udivmodqi4)
c:/users/ahmed/desktop/embedded system/nti/avr/tools/sdk_win_64/sdk_win_64/winavr/bin/../lib/gcc/avr/4.3.3/avr5\libgcc.a(_udivmodsi4.o)
                              ./TMU_prog.o (__udivmodsi4)
c:/users/ahmed/desktop/embedded system/nti/avr/tools/sdk_win_64/sdk_win_64/winavr/bin/../lib/gcc/avr/4.3.3/avr5\libgcc.a(_exit.o)
                              c:/users/ahmed/desktop/embedded system/nti/avr/tools/sdk_win_64/sdk_win_64/winavr/bin/../lib/gcc/avr/4.3.3/../../../../avr/lib/avr5/crtm32.o (exit)
c:/users/ahmed/desktop/embedded system/nti/avr/tools/sdk_win_64/sdk_win_64/winavr/bin/../lib/gcc/avr/4.3.3/avr5\libgcc.a(_copy_data.o)
                              ./main.o (__do_copy_data)
c:/users/ahmed/desktop/embedded system/nti/avr/tools/sdk_win_64/sdk_win_64/winavr/bin/../lib/gcc/avr/4.3.3/avr5\libgcc.a(_clear_bss.o)
                              ./TMU_prog.o (__do_clear_bss)
c:/users/ahmed/desktop/embedded system/nti/avr/tools/sdk_win_64/sdk_win_64/winavr/bin/../lib/gcc/avr/4.3.3/avr5\libgcc.a(_fixunssfsi.o)
                              ./TMU_prog.o (__fixunssfsi)
c:/users/ahmed/desktop/embedded system/nti/avr/tools/sdk_win_64/sdk_win_64/winavr/bin/../lib/gcc/avr/4.3.3/avr5\libgcc.a(_addsub_sf.o)
                              ./TMU_prog.o (__subsf3)
c:/users/ahmed/desktop/embedded system/nti/avr/tools/sdk_win_64/sdk_win_64/winavr/bin/../lib/gcc/avr/4.3.3/avr5\libgcc.a(_mul_sf.o)
                              ./TMU_prog.o (__mulsf3)
c:/users/ahmed/desktop/embedded system/nti/avr/tools/sdk_win_64/sdk_win_64/winavr/bin/../lib/gcc/avr/4.3.3/avr5\libgcc.a(_gt_sf.o)
                              ./TMU_prog.o (__gtsf2)
c:/users/ahmed/desktop/embedded system/nti/avr/tools/sdk_win_64/sdk_win_64/winavr/bin/../lib/gcc/avr/4.3.3/avr5\libgcc.a(_ge_sf.o)
                              c:/users/ahmed/desktop/embedded system/nti/avr/tools/sdk_win_64/sdk_win_64/winavr/bin/../lib/gcc/avr/4.3.3/avr5\libgcc.a(_fixunssfsi.o) (__gesf2)
c:/users/ahmed/desktop/embedded system/nti/avr/tools/sdk_win_64/sdk_win_64/winavr/bin/../lib/gcc/avr/4.3.3/avr5\libgcc.a(_sf_to_si.o)
                              c:/users/ahmed/desktop/embedded system/nti/avr/tools/sdk_win_64/sdk_win_64/winavr/bin/../lib/gcc/avr/4.3.3/avr5\libgcc.a(_fixunssfsi.o) (__fixsfsi)
c:/users/ahmed/desktop/embedded system/nti/avr/tools/sdk_win_64/sdk_win_64/winavr/bin/../lib/gcc/avr/4.3.3/avr5\libgcc.a(_thenan_sf.o)
                              c:/users/ahmed/desktop/embedded system/nti/avr/tools/sdk_win_64/sdk_win_64/winavr/bin/../lib/gcc/avr/4.3.3/avr5\libgcc.a(_addsub_sf.o) (__thenan_sf)
c:/users/ahmed/desktop/embedded system/nti/avr/tools/sdk_win_64/sdk_win_64/winavr/bin/../lib/gcc/avr/4.3.3/avr5\libgcc.a(_usi_to_sf.o)
                              ./TMU_prog.o (__floatunsisf)
c:/users/ahmed/desktop/embedded system/nti/avr/tools/sdk_win_64/sdk_win_64/winavr/bin/../lib/gcc/avr/4.3.3/avr5\libgcc.a(_prologue.o)
                              c:/users/ahmed/desktop/embedded system/nti/avr/tools/sdk_win_64/sdk_win_64/winavr/bin/../lib/gcc/avr/4.3.3/avr5\libgcc.a(_addsub_sf.o) (__prologue_saves__)
c:/users/ahmed/desktop/embedded system/nti/avr/tools/sdk_win_64/sdk_win_64/winavr/bin/../lib/gcc/avr/4.3.3/avr5\libgcc.a(_epilogue.o)
                              c:/users/ahmed/desktop/embedded system/nti/avr/tools/sdk_win_64/sdk_win_64/winavr/bin/../lib/gcc/avr/4.3.3/avr5\libgcc.a(_addsub_sf.o) (__epilogue_restores__)
c:/users/ahmed/desktop/embedded system/nti/avr/tools/sdk_win_64/sdk_win_64/winavr/bin/../lib/gcc/avr/4.3.3/avr5\libgcc.a(_clzsi2.o)
                              c:/users/ahmed/desktop/embedded system/nti/avr/tools/sdk_win_64/sdk_win_64/winavr/bin/../lib/gcc/avr/4.3.3/avr5\libgcc.a(_usi_to_sf.o) (__clzsi2)
c:/users/ahmed/desktop/embedded system/nti/avr/tools/sdk_win_64/sdk_win_64/winavr/bin/../lib/gcc/avr/4.3.3/avr5\libgcc.a(_pack_sf.o)
                              c:/users/ahmed/desktop/embedded system/nti/avr/tools/sdk_win_64/sdk_win_64/winavr/bin/../lib/gcc/avr/4.3.3/avr5\libgcc.a(_addsub_sf.o) (__pack_f)
c:/users/ahmed/desktop/embedded system/nti/avr/tools/sdk_win_64/sdk_win_64/winavr/bin/../lib/gcc/avr/4.3.3/avr5\libgcc.a(_unpack_sf.o)
                              c:/users/ahmed/desktop/embedded system/nti/avr/tools/sdk_win_64/sdk_win_64/winavr/bin/../lib/gcc/avr/4.3.3/avr5\libgcc.a(_addsub_sf.o) (__unpack_f)
c:/users/ahmed/desktop/embedded system/nti/avr/tools/sdk_win_64/sdk_win_64/winavr/bin/../lib/gcc/avr/4.3.3/avr5\libgcc.a(_fpcmp_parts_sf.o)
                              c:/users/ahmed/desktop/embedded system/nti/avr/tools/sdk_win_64/sdk_win_64/winavr/bin/../lib/gcc/avr/4.3.3/avr5\libgcc.a(_gt_sf.o) (__fpcmp_parts_f)
c:/users/ahmed/desktop/embedded system/nti/avr/tools/sdk_win_64/sdk_win_64/winavr/bin/../lib/gcc/avr/4.3.3/avr5\libgcc.a(_clz.o)
                              c:/users/ahmed/desktop/embedded system/nti/avr/tools/sdk_win_64/sdk_win_64/winavr/bin/../lib/gcc/avr/4.3.3/avr5\libgcc.a(_clzsi2.o) (__clz_tab)
c:/users/ahmed/desktop/embedded system/nti/avr/tools/sdk_win_64/sdk_win_64/winavr/bin/../lib/gcc/avr/4.3.3/../../../../avr/lib/avr5\libc.a(strlen.o)
                              ./main.o (strlen)
c:/users/ahmed/desktop/embedded system/nti/avr/tools/sdk_win_64/sdk_win_64/winavr/bin/../lib/gcc/avr/4.3.3/../../../../avr/lib/avr5\libc.a(strncmp.o)
                              ./main.o (strncmp)

Allocating common symbols
Common symbol       size              file

flag                0x1               ./main.o
buffer              0x14              ./main.o
new                 0x1               ./main.o

Memory Configuration

Name             Origin             Length             Attributes
text             0x00000000         0x00020000         xr
data             0x00800060         0x0000ffa0         rw !x
eeprom           0x00810000         0x00010000         rw !x
fuse             0x00820000         0x00000400         rw !x
lock             0x00830000         0x00000400         rw !x
signature        0x00840000         0x00000400         rw !x
*default*        0x00000000         0xffffffff

Linker script and memory map

LOAD c:/users/ahmed/desktop/embedded system/nti/avr/tools/sdk_win_64/sdk_win_64/winavr/bin/../lib/gcc/avr/4.3.3/../../../../avr/lib/avr5/crtm32.o
LOAD ./DIO/DIO_prog.o
LOAD ./TMU_prog.o
LOAD ./UART_Prog.o
LOAD ./main.o
LOAD c:/users/ahmed/desktop/embedded system/nti/avr/tools/sdk_win_64/sdk_win_64/winavr/bin/../lib/gcc/avr/4.3.3/avr5\libgcc.a
LOAD c:/users/ahmed/desktop/embedded system/nti/avr/tools/sdk_win_64/sdk_win_64/winavr/bin/../lib/gcc/avr/4.3.3/../../../../avr/lib/avr5\libc.a
LOAD c:/users/ahmed/desktop/embedded system/nti/avr/tools/sdk_win_64/sdk_win_64/winavr/bin/../lib/gcc/avr/4.3.3/avr5\libgcc.a

.hash
 *(.hash)

.dynsym
 *(.dynsym)

.dynstr
 *(.dynstr)

.gnu.version
 *(.gnu.version)

.gnu.version_d
 *(.gnu.version_d)

.gnu.version_r
 *(.gnu.version_r)

.rel.init
 *(.rel.init)

.rela.init
 *(.rela.init)

.rel.text
 *(.rel.text)
 *(.rel.text.*)
 *(.rel.gnu.linkonce.t*)

.rela.text
 *(.rela.text)
 *(.rela.text.*)
 *(.rela.gnu.linkonce.t*)

.rel.fini
 *(.rel.fini)

.rela.fini
 *(.rela.fini)

.rel.rodata
 *(.rel.rodata)
 *(.rel.rodata.*)
 *(.rel.gnu.linkonce.r*)

.rela.rodata
 *(.rela.rodata)
 *(.rela.rodata.*)
 *(.rela.gnu.linkonce.r*)

.rel.data
 *(.rel.data)
 *(.rel.data.*)
 *(.rel.gnu.linkonce.d*)

.rela.data
 *(.rela.data)
 *(.rela.data.*)
 *(.rela.gnu.linkonce.d*)

.rel.ctors
 *(.rel.ctors)

.rela.ctors
 *(.rela.ctors)

.rel.dtors
 *(.rel.dtors)

.rela.dtors
 *(.rela.dtors)

.rel.got
 *(.rel.got)

.rela.got
 *(.rela.got)

.rel.bss
 *(.rel.bss)

.rela.bss
 *(.rela.bss)

.rel.plt
 *(.rel.plt)

.rela.plt
 *(.rela.plt)

.text           0x00000000     0x200e
 *(.vectors)
 .vectors       0x00000000       0x54 c:/users/ahmed/desktop/embedded system/nti/avr/tools/sdk_win_64/sdk_win_64/winavr/bin/../lib/gcc/avr/4.3.3/../../../../avr/lib/avr5/crtm32.o
                0x00000000                __vectors
                0x00000000                __vector_default
 *(.vectors)
 *(.progmem.gcc*)
 *(.progmem*)
                0x00000054                . = ALIGN (0x2)
                0x00000054                __trampolines_start = .
 *(.trampolines)
 .trampolines   0x00000054        0x0 linker stubs
 *(.trampolines*)
                0x00000054                __trampolines_end = .
 *(.jumptables)
 *(.jumptables*)
 *(.lowtext)
 *(.lowtext*)
                0x00000054                __ctors_start = .
 *(.ctors)
                0x00000054                __ctors_end = .
                0x00000054                __dtors_start = .
 *(.dtors)
                0x00000054                __dtors_end = .
 SORT(*)(.ctors)
 SORT(*)(.dtors)
 *(.init0)
 .init0         0x00000054        0x0 c:/users/ahmed/desktop/embedded system/nti/avr/tools/sdk_win_64/sdk_win_64/winavr/bin/../lib/gcc/avr/4.3.3/../../../../avr/lib/avr5/crtm32.o
                0x00000054                __init
 *(.init0)
 *(.init1)
 *(.init1)
 *(.init2)
 .init2         0x00000054        0xc c:/users/ahmed/desktop/embedded system/nti/avr/tools/sdk_win_64/sdk_win_64/winavr/bin/../lib/gcc/avr/4.3.3/../../../../avr/lib/avr5/crtm32.o
 *(.init2)
 *(.init3)
 *(.init3)
 *(.init4)
 .init4         0x00000060       0x16 c:/users/ahmed/desktop/embedded system/nti/avr/tools/sdk_win_64/sdk_win_64/winavr/bin/../lib/gcc/avr/4.3.3/avr5\libgcc.a(_copy_data.o)
                0x00000060                __do_copy_data
 .init4         0x00000076       0x10 c:/users/ahmed/desktop/embedded system/nti/avr/tools/sdk_win_64/sdk_win_64/winavr/bin/../lib/gcc/avr/4.3.3/avr5\libgcc.a(_clear_bss.o)
                0x00000076                __do_clear_bss
 *(.init4)
 *(.init5)
 *(.init5)
 *(.init6)
 *(.init6)
 *(.init7)
 *(.init7)
 *(.init8)
 *(.init8)
 *(.init9)
 .init9         0x00000086        0x8 c:/users/ahmed/desktop/embedded system/nti/avr/tools/sdk_win_64/sdk_win_64/winavr/bin/../lib/gcc/avr/4.3.3/../../../../avr/lib/avr5/crtm32.o
 *(.init9)
 *(.text)
 .text          0x0000008e        0x4 c:/users/ahmed/desktop/embedded system/nti/avr/tools/sdk_win_64/sdk_win_64/winavr/bin/../lib/gcc/avr/4.3.3/../../../../avr/lib/avr5/crtm32.o
                0x0000008e                __vector_1
                0x0000008e                __vector_12
                0x0000008e                __bad_interrupt
                0x0000008e                __vector_6
                0x0000008e                __vector_3
                0x0000008e                __vector_13
                0x0000008e                __vector_17
                0x0000008e                __vector_19
                0x0000008e                __vector_7
                0x0000008e                __vector_5
                0x0000008e                __vector_4
                0x0000008e                __vector_9
                0x0000008e                __vector_2
                0x0000008e                __vector_15
                0x0000008e                __vector_8
                0x0000008e                __vector_14
                0x0000008e                __vector_16
                0x0000008e                __vector_18
                0x0000008e                __vector_20
 .text          0x00000092        0x0 ./DIO/DIO_prog.o
 .text          0x00000092        0x0 ./TMU_prog.o
 .text          0x00000092        0x0 ./UART_Prog.o
 .text          0x00000092        0x0 ./main.o
 .text          0x00000092        0x0 c:/users/ahmed/desktop/embedded system/nti/avr/tools/sdk_win_64/sdk_win_64/winavr/bin/../lib/gcc/avr/4.3.3/avr5\libgcc.a(_mulsi3.o)
 .text          0x00000092        0x0 c:/users/ahmed/desktop/embedded system/nti/avr/tools/sdk_win_64/sdk_win_64/winavr/bin/../lib/gcc/avr/4.3.3/avr5\libgcc.a(_udivmodqi4.o)
 .text          0x00000092        0x0 c:/users/ahmed/desktop/embedded system/nti/avr/tools/sdk_win_64/sdk_win_64/winavr/bin/../lib/gcc/avr/4.3.3/avr5\libgcc.a(_udivmodsi4.o)
 .text          0x00000092        0x0 c:/users/ahmed/desktop/embedded system/nti/avr/tools/sdk_win_64/sdk_win_64/winavr/bin/../lib/gcc/avr/4.3.3/avr5\libgcc.a(_exit.o)
 .text          0x00000092        0x0 c:/users/ahmed/desktop/embedded system/nti/avr/tools/sdk_win_64/sdk_win_64/winavr/bin/../lib/gcc/avr/4.3.3/avr5\libgcc.a(_copy_data.o)
 .text          0x00000092        0x0 c:/users/ahmed/desktop/embedded system/nti/avr/tools/sdk_win_64/sdk_win_64/winavr/bin/../lib/gcc/avr/4.3.3/avr5\libgcc.a(_clear_bss.o)
 .text          0x00000092       0x58 c:/users/ahmed/desktop/embedded system/nti/avr/tools/sdk_win_64/sdk_win_64/winavr/bin/../lib/gcc/avr/4.3.3/avr5\libgcc.a(_fixunssfsi.o)
                0x00000092                __fixunssfsi
 .text          0x000000ea      0x354 c:/users/ahmed/desktop/embedded system/nti/avr/tools/sdk_win_64/sdk_win_64/winavr/bin/../lib/gcc/avr/4.3.3/avr5\libgcc.a(_addsub_sf.o)
                0x00000382                __subsf3
                0x000003e4                __addsf3
 .text          0x0000043e      0x1f4 c:/users/ahmed/desktop/embedded system/nti/avr/tools/sdk_win_64/sdk_win_64/winavr/bin/../lib/gcc/avr/4.3.3/avr5\libgcc.a(_mul_sf.o)
                0x0000043e                __mulsf3
 .text          0x00000632       0x60 c:/users/ahmed/desktop/embedded system/nti/avr/tools/sdk_win_64/sdk_win_64/winavr/bin/../lib/gcc/avr/4.3.3/avr5\libgcc.a(_gt_sf.o)
                0x00000632                __gtsf2
 .text          0x00000692       0x60 c:/users/ahmed/desktop/embedded system/nti/avr/tools/sdk_win_64/sdk_win_64/winavr/bin/../lib/gcc/avr/4.3.3/avr5\libgcc.a(_ge_sf.o)
                0x00000692                __gesf2
 .text          0x000006f2       0xa8 c:/users/ahmed/desktop/embedded system/nti/avr/tools/sdk_win_64/sdk_win_64/winavr/bin/../lib/gcc/avr/4.3.3/avr5\libgcc.a(_sf_to_si.o)
                0x000006f2                __fixsfsi
 .text          0x0000079a        0x0 c:/users/ahmed/desktop/embedded system/nti/avr/tools/sdk_win_64/sdk_win_64/winavr/bin/../lib/gcc/avr/4.3.3/avr5\libgcc.a(_thenan_sf.o)
 .text          0x0000079a       0xf2 c:/users/ahmed/desktop/embedded system/nti/avr/tools/sdk_win_64/sdk_win_64/winavr/bin/../lib/gcc/avr/4.3.3/avr5\libgcc.a(_usi_to_sf.o)
                0x0000079a                __floatunsisf
 .text          0x0000088c        0x0 c:/users/ahmed/desktop/embedded system/nti/avr/tools/sdk_win_64/sdk_win_64/winavr/bin/../lib/gcc/avr/4.3.3/avr5\libgcc.a(_prologue.o)
 .text          0x0000088c        0x0 c:/users/ahmed/desktop/embedded system/nti/avr/tools/sdk_win_64/sdk_win_64/winavr/bin/../lib/gcc/avr/4.3.3/avr5\libgcc.a(_epilogue.o)
 .text          0x0000088c       0x9e c:/users/ahmed/desktop/embedded system/nti/avr/tools/sdk_win_64/sdk_win_64/winavr/bin/../lib/gcc/avr/4.3.3/avr5\libgcc.a(_clzsi2.o)
                0x0000088c                __clzsi2
 .text          0x0000092a      0x1aa c:/users/ahmed/desktop/embedded system/nti/avr/tools/sdk_win_64/sdk_win_64/winavr/bin/../lib/gcc/avr/4.3.3/avr5\libgcc.a(_pack_sf.o)
                0x0000092a                __pack_f
 .text          0x00000ad4       0xf0 c:/users/ahmed/desktop/embedded system/nti/avr/tools/sdk_win_64/sdk_win_64/winavr/bin/../lib/gcc/avr/4.3.3/avr5\libgcc.a(_unpack_sf.o)
                0x00000ad4                __unpack_f
 .text          0x00000bc4       0xb2 c:/users/ahmed/desktop/embedded system/nti/avr/tools/sdk_win_64/sdk_win_64/winavr/bin/../lib/gcc/avr/4.3.3/avr5\libgcc.a(_fpcmp_parts_sf.o)
                0x00000bc4                __fpcmp_parts_f
 .text          0x00000c76        0x0 c:/users/ahmed/desktop/embedded system/nti/avr/tools/sdk_win_64/sdk_win_64/winavr/bin/../lib/gcc/avr/4.3.3/avr5\libgcc.a(_clz.o)
 .text          0x00000c76        0x0 c:/users/ahmed/desktop/embedded system/nti/avr/tools/sdk_win_64/sdk_win_64/winavr/bin/../lib/gcc/avr/4.3.3/../../../../avr/lib/avr5\libc.a(strlen.o)
 .text          0x00000c76        0x0 c:/users/ahmed/desktop/embedded system/nti/avr/tools/sdk_win_64/sdk_win_64/winavr/bin/../lib/gcc/avr/4.3.3/../../../../avr/lib/avr5\libc.a(strncmp.o)
                0x00000c76                . = ALIGN (0x2)
 *(.text.*)
 .text.DIO_enuInit
                0x00000c76       0x26 ./DIO/DIO_prog.o
                0x00000c76                DIO_enuInit
 .text.DIO_enuSetPinDirection
                0x00000c9c      0x1d8 ./DIO/DIO_prog.o
                0x00000c9c                DIO_enuSetPinDirection
 .text.DIO_enuSetPinValue
                0x00000e74      0x1d8 ./DIO/DIO_prog.o
                0x00000e74                DIO_enuSetPinValue
 .text.DIO_enuTogglePinValue
                0x0000104c      0x11c ./DIO/DIO_prog.o
                0x0000104c                DIO_enuTogglePinValue
 .text.DIO_enuGetPinValue
                0x00001168      0x13c ./DIO/DIO_prog.o
                0x00001168                DIO_enuGetPinValue
 .text.TMU_vidInit
                0x000012a4      0x1ec ./TMU_prog.o
                0x000012a4                TMU_vidInit
 .text.TMU_vidCreateTask
                0x00001490       0xf2 ./TMU_prog.o
                0x00001490                TMU_vidCreateTask
 .text.TMU_vidStartScheduler
                0x00001582      0x1da ./TMU_prog.o
                0x00001582                TMU_vidStartScheduler
 .text.TMU_vidSuspend
                0x0000175c       0x36 ./TMU_prog.o
                0x0000175c                TMU_vidSuspend
 .text.TMU_vidResume
                0x00001792       0x54 ./TMU_prog.o
                0x00001792                TMU_vidResume
 .text.TMU_vidDelete
                0x000017e6       0x52 ./TMU_prog.o
                0x000017e6                TMU_vidDelete
 .text.__vector_10
                0x00001838       0x70 ./TMU_prog.o
                0x00001838                __vector_10
 .text.__vector_11
                0x000018a8       0x96 ./TMU_prog.o
                0x000018a8                __vector_11
 .text.UART_Init
                0x0000193e       0xbe ./UART_Prog.o
                0x0000193e                UART_Init
 .text.UART_Send
                0x000019fc       0x34 ./UART_Prog.o
                0x000019fc                UART_Send
 .text.UART_Receive
                0x00001a30       0x1e ./UART_Prog.o
                0x00001a30                UART_Receive
 .text.main     0x00001a4e      0x114 ./main.o
                0x00001a4e                main
 .text.SevSegRight
                0x00001b62       0x38 ./main.o
                0x00001b62                SevSegRight
 .text.SevSegLeft
                0x00001b9a       0x36 ./main.o
                0x00001b9a                SevSegLeft
 .text.GreenLight
                0x00001bd0       0x5c ./main.o
                0x00001bd0                GreenLight
 .text.YellowLight
                0x00001c2c       0x3e ./main.o
                0x00001c2c                YellowLight
 .text.RedLight
                0x00001c6a       0x5c ./main.o
                0x00001c6a                RedLight
 .text.Timer    0x00001cc6       0x22 ./main.o
                0x00001cc6                Timer
 .text.UpCount  0x00001ce8       0x66 ./main.o
                0x00001ce8                UpCount
 .text.DownCount
                0x00001d4e       0x66 ./main.o
                0x00001d4e                DownCount
 .text.Read     0x00001db4       0x86 ./main.o
                0x00001db4                Read
 .text.Check    0x00001e3a       0x42 ./main.o
                0x00001e3a                Check
 .text.MobileReceive
                0x00001e7c       0x58 ./main.o
                0x00001e7c                MobileReceive
 .text.libgcc   0x00001ed4       0x3e c:/users/ahmed/desktop/embedded system/nti/avr/tools/sdk_win_64/sdk_win_64/winavr/bin/../lib/gcc/avr/4.3.3/avr5\libgcc.a(_mulsi3.o)
                0x00001ed4                __mulsi3
 .text.libgcc   0x00001f12       0x18 c:/users/ahmed/desktop/embedded system/nti/avr/tools/sdk_win_64/sdk_win_64/winavr/bin/../lib/gcc/avr/4.3.3/avr5\libgcc.a(_udivmodqi4.o)
                0x00001f12                __udivmodqi4
 .text.libgcc   0x00001f2a       0x44 c:/users/ahmed/desktop/embedded system/nti/avr/tools/sdk_win_64/sdk_win_64/winavr/bin/../lib/gcc/avr/4.3.3/avr5\libgcc.a(_udivmodsi4.o)
                0x00001f2a                __udivmodsi4
 .text.libgcc   0x00001f6e        0x0 c:/users/ahmed/desktop/embedded system/nti/avr/tools/sdk_win_64/sdk_win_64/winavr/bin/../lib/gcc/avr/4.3.3/avr5\libgcc.a(_exit.o)
 .text.libgcc   0x00001f6e        0x0 c:/users/ahmed/desktop/embedded system/nti/avr/tools/sdk_win_64/sdk_win_64/winavr/bin/../lib/gcc/avr/4.3.3/avr5\libgcc.a(_copy_data.o)
 .text.libgcc   0x00001f6e        0x0 c:/users/ahmed/desktop/embedded system/nti/avr/tools/sdk_win_64/sdk_win_64/winavr/bin/../lib/gcc/avr/4.3.3/avr5\libgcc.a(_clear_bss.o)
 .text.libgcc   0x00001f6e       0x38 c:/users/ahmed/desktop/embedded system/nti/avr/tools/sdk_win_64/sdk_win_64/winavr/bin/../lib/gcc/avr/4.3.3/avr5\libgcc.a(_prologue.o)
                0x00001f6e                __prologue_saves__
 .text.libgcc   0x00001fa6       0x36 c:/users/ahmed/desktop/embedded system/nti/avr/tools/sdk_win_64/sdk_win_64/winavr/bin/../lib/gcc/avr/4.3.3/avr5\libgcc.a(_epilogue.o)
                0x00001fa6                __epilogue_restores__
 .text.avr-libc
                0x00001fdc       0x12 c:/users/ahmed/desktop/embedded system/nti/avr/tools/sdk_win_64/sdk_win_64/winavr/bin/../lib/gcc/avr/4.3.3/../../../../avr/lib/avr5\libc.a(strlen.o)
                0x00001fdc                strlen
 .text.avr-libc
                0x00001fee       0x1c c:/users/ahmed/desktop/embedded system/nti/avr/tools/sdk_win_64/sdk_win_64/winavr/bin/../lib/gcc/avr/4.3.3/../../../../avr/lib/avr5\libc.a(strncmp.o)
                0x00001fee                strncmp
                0x0000200a                . = ALIGN (0x2)
 *(.fini9)
 .fini9         0x0000200a        0x0 c:/users/ahmed/desktop/embedded system/nti/avr/tools/sdk_win_64/sdk_win_64/winavr/bin/../lib/gcc/avr/4.3.3/avr5\libgcc.a(_exit.o)
                0x0000200a                exit
                0x0000200a                _exit
 *(.fini9)
 *(.fini8)
 *(.fini8)
 *(.fini7)
 *(.fini7)
 *(.fini6)
 *(.fini6)
 *(.fini5)
 *(.fini5)
 *(.fini4)
 *(.fini4)
 *(.fini3)
 *(.fini3)
 *(.fini2)
 *(.fini2)
 *(.fini1)
 *(.fini1)
 *(.fini0)
 .fini0         0x0000200a        0x4 c:/users/ahmed/desktop/embedded system/nti/avr/tools/sdk_win_64/sdk_win_64/winavr/bin/../lib/gcc/avr/4.3.3/avr5\libgcc.a(_exit.o)
 *(.fini0)
                0x0000200e                _etext = .

.data           0x00800060      0x11c load address 0x0000200e
                0x00800060                PROVIDE (__data_start, .)
 *(.data)
 .data          0x00800060        0x0 c:/users/ahmed/desktop/embedded system/nti/avr/tools/sdk_win_64/sdk_win_64/winavr/bin/../lib/gcc/avr/4.3.3/../../../../avr/lib/avr5/crtm32.o
 .data          0x00800060        0x0 ./DIO/DIO_prog.o
 .data          0x00800060        0x0 ./TMU_prog.o
 .data          0x00800060        0x0 ./UART_Prog.o
 .data          0x00800060        0x6 ./main.o
 .data          0x00800066        0x0 c:/users/ahmed/desktop/embedded system/nti/avr/tools/sdk_win_64/sdk_win_64/winavr/bin/../lib/gcc/avr/4.3.3/avr5\libgcc.a(_mulsi3.o)
 .data          0x00800066        0x0 c:/users/ahmed/desktop/embedded system/nti/avr/tools/sdk_win_64/sdk_win_64/winavr/bin/../lib/gcc/avr/4.3.3/avr5\libgcc.a(_udivmodqi4.o)
 .data          0x00800066        0x0 c:/users/ahmed/desktop/embedded system/nti/avr/tools/sdk_win_64/sdk_win_64/winavr/bin/../lib/gcc/avr/4.3.3/avr5\libgcc.a(_udivmodsi4.o)
 .data          0x00800066        0x0 c:/users/ahmed/desktop/embedded system/nti/avr/tools/sdk_win_64/sdk_win_64/winavr/bin/../lib/gcc/avr/4.3.3/avr5\libgcc.a(_exit.o)
 .data          0x00800066        0x0 c:/users/ahmed/desktop/embedded system/nti/avr/tools/sdk_win_64/sdk_win_64/winavr/bin/../lib/gcc/avr/4.3.3/avr5\libgcc.a(_copy_data.o)
 .data          0x00800066        0x0 c:/users/ahmed/desktop/embedded system/nti/avr/tools/sdk_win_64/sdk_win_64/winavr/bin/../lib/gcc/avr/4.3.3/avr5\libgcc.a(_clear_bss.o)
 .data          0x00800066        0x0 c:/users/ahmed/desktop/embedded system/nti/avr/tools/sdk_win_64/sdk_win_64/winavr/bin/../lib/gcc/avr/4.3.3/avr5\libgcc.a(_fixunssfsi.o)
 .data          0x00800066        0x0 c:/users/ahmed/desktop/embedded system/nti/avr/tools/sdk_win_64/sdk_win_64/winavr/bin/../lib/gcc/avr/4.3.3/avr5\libgcc.a(_addsub_sf.o)
 .data          0x00800066        0x0 c:/users/ahmed/desktop/embedded system/nti/avr/tools/sdk_win_64/sdk_win_64/winavr/bin/../lib/gcc/avr/4.3.3/avr5\libgcc.a(_mul_sf.o)
 .data          0x00800066        0x0 c:/users/ahmed/desktop/embedded system/nti/avr/tools/sdk_win_64/sdk_win_64/winavr/bin/../lib/gcc/avr/4.3.3/avr5\libgcc.a(_gt_sf.o)
 .data          0x00800066        0x0 c:/users/ahmed/desktop/embedded system/nti/avr/tools/sdk_win_64/sdk_win_64/winavr/bin/../lib/gcc/avr/4.3.3/avr5\libgcc.a(_ge_sf.o)
 .data          0x00800066        0x0 c:/users/ahmed/desktop/embedded system/nti/avr/tools/sdk_win_64/sdk_win_64/winavr/bin/../lib/gcc/avr/4.3.3/avr5\libgcc.a(_sf_to_si.o)
 .data          0x00800066        0x8 c:/users/ahmed/desktop/embedded system/nti/avr/tools/sdk_win_64/sdk_win_64/winavr/bin/../lib/gcc/avr/4.3.3/avr5\libgcc.a(_thenan_sf.o)
                0x00800066                __thenan_sf
 .data          0x0080006e        0x0 c:/users/ahmed/desktop/embedded system/nti/avr/tools/sdk_win_64/sdk_win_64/winavr/bin/../lib/gcc/avr/4.3.3/avr5\libgcc.a(_usi_to_sf.o)
 .data          0x0080006e        0x0 c:/users/ahmed/desktop/embedded system/nti/avr/tools/sdk_win_64/sdk_win_64/winavr/bin/../lib/gcc/avr/4.3.3/avr5\libgcc.a(_prologue.o)
 .data          0x0080006e        0x0 c:/users/ahmed/desktop/embedded system/nti/avr/tools/sdk_win_64/sdk_win_64/winavr/bin/../lib/gcc/avr/4.3.3/avr5\libgcc.a(_epilogue.o)
 .data          0x0080006e        0x0 c:/users/ahmed/desktop/embedded system/nti/avr/tools/sdk_win_64/sdk_win_64/winavr/bin/../lib/gcc/avr/4.3.3/avr5\libgcc.a(_clzsi2.o)
 .data          0x0080006e        0x0 c:/users/ahmed/desktop/embedded system/nti/avr/tools/sdk_win_64/sdk_win_64/winavr/bin/../lib/gcc/avr/4.3.3/avr5\libgcc.a(_pack_sf.o)
 .data          0x0080006e        0x0 c:/users/ahmed/desktop/embedded system/nti/avr/tools/sdk_win_64/sdk_win_64/winavr/bin/../lib/gcc/avr/4.3.3/avr5\libgcc.a(_unpack_sf.o)
 .data          0x0080006e        0x0 c:/users/ahmed/desktop/embedded system/nti/avr/tools/sdk_win_64/sdk_win_64/winavr/bin/../lib/gcc/avr/4.3.3/avr5\libgcc.a(_fpcmp_parts_sf.o)
 .data          0x0080006e      0x100 c:/users/ahmed/desktop/embedded system/nti/avr/tools/sdk_win_64/sdk_win_64/winavr/bin/../lib/gcc/avr/4.3.3/avr5\libgcc.a(_clz.o)
                0x0080006e                __clz_tab
 .data          0x0080016e        0x0 c:/users/ahmed/desktop/embedded system/nti/avr/tools/sdk_win_64/sdk_win_64/winavr/bin/../lib/gcc/avr/4.3.3/../../../../avr/lib/avr5\libc.a(strlen.o)
 .data          0x0080016e        0x0 c:/users/ahmed/desktop/embedded system/nti/avr/tools/sdk_win_64/sdk_win_64/winavr/bin/../lib/gcc/avr/4.3.3/../../../../avr/lib/avr5\libc.a(strncmp.o)
 *(.data*)
 .data.sevseg   0x0080016e        0xa ./main.o
                0x0080016e                sevseg
 .data.Interval
                0x00800178        0x1 ./main.o
                0x00800178                Interval
 .data.Traffic1
                0x00800179        0x2 ./main.o
                0x00800179                Traffic1
 *(.rodata)
 *(.rodata*)
 *(.gnu.linkonce.d*)
                0x0080017c                . = ALIGN (0x2)
 *fill*         0x0080017b        0x1 00
                0x0080017c                _edata = .
                0x0080017c                PROVIDE (__data_end, .)

.bss            0x0080017c       0x74
                0x0080017c                PROVIDE (__bss_start, .)
 *(.bss)
 .bss           0x0080017c        0x0 c:/users/ahmed/desktop/embedded system/nti/avr/tools/sdk_win_64/sdk_win_64/winavr/bin/../lib/gcc/avr/4.3.3/../../../../avr/lib/avr5/crtm32.o
 .bss           0x0080017c        0x0 ./DIO/DIO_prog.o
 .bss           0x0080017c        0x0 ./TMU_prog.o
 .bss           0x0080017c        0x0 ./UART_Prog.o
 .bss           0x0080017c        0x0 ./main.o
 .bss           0x0080017c        0x0 c:/users/ahmed/desktop/embedded system/nti/avr/tools/sdk_win_64/sdk_win_64/winavr/bin/../lib/gcc/avr/4.3.3/avr5\libgcc.a(_mulsi3.o)
 .bss           0x0080017c        0x0 c:/users/ahmed/desktop/embedded system/nti/avr/tools/sdk_win_64/sdk_win_64/winavr/bin/../lib/gcc/avr/4.3.3/avr5\libgcc.a(_udivmodqi4.o)
 .bss           0x0080017c        0x0 c:/users/ahmed/desktop/embedded system/nti/avr/tools/sdk_win_64/sdk_win_64/winavr/bin/../lib/gcc/avr/4.3.3/avr5\libgcc.a(_udivmodsi4.o)
 .bss           0x0080017c        0x0 c:/users/ahmed/desktop/embedded system/nti/avr/tools/sdk_win_64/sdk_win_64/winavr/bin/../lib/gcc/avr/4.3.3/avr5\libgcc.a(_exit.o)
 .bss           0x0080017c        0x0 c:/users/ahmed/desktop/embedded system/nti/avr/tools/sdk_win_64/sdk_win_64/winavr/bin/../lib/gcc/avr/4.3.3/avr5\libgcc.a(_copy_data.o)
 .bss           0x0080017c        0x0 c:/users/ahmed/desktop/embedded system/nti/avr/tools/sdk_win_64/sdk_win_64/winavr/bin/../lib/gcc/avr/4.3.3/avr5\libgcc.a(_clear_bss.o)
 .bss           0x0080017c        0x0 c:/users/ahmed/desktop/embedded system/nti/avr/tools/sdk_win_64/sdk_win_64/winavr/bin/../lib/gcc/avr/4.3.3/avr5\libgcc.a(_fixunssfsi.o)
 .bss           0x0080017c        0x0 c:/users/ahmed/desktop/embedded system/nti/avr/tools/sdk_win_64/sdk_win_64/winavr/bin/../lib/gcc/avr/4.3.3/avr5\libgcc.a(_addsub_sf.o)
 .bss           0x0080017c        0x0 c:/users/ahmed/desktop/embedded system/nti/avr/tools/sdk_win_64/sdk_win_64/winavr/bin/../lib/gcc/avr/4.3.3/avr5\libgcc.a(_mul_sf.o)
 .bss           0x0080017c        0x0 c:/users/ahmed/desktop/embedded system/nti/avr/tools/sdk_win_64/sdk_win_64/winavr/bin/../lib/gcc/avr/4.3.3/avr5\libgcc.a(_gt_sf.o)
 .bss           0x0080017c        0x0 c:/users/ahmed/desktop/embedded system/nti/avr/tools/sdk_win_64/sdk_win_64/winavr/bin/../lib/gcc/avr/4.3.3/avr5\libgcc.a(_ge_sf.o)
 .bss           0x0080017c        0x0 c:/users/ahmed/desktop/embedded system/nti/avr/tools/sdk_win_64/sdk_win_64/winavr/bin/../lib/gcc/avr/4.3.3/avr5\libgcc.a(_sf_to_si.o)
 .bss           0x0080017c        0x0 c:/users/ahmed/desktop/embedded system/nti/avr/tools/sdk_win_64/sdk_win_64/winavr/bin/../lib/gcc/avr/4.3.3/avr5\libgcc.a(_thenan_sf.o)
 .bss           0x0080017c        0x0 c:/users/ahmed/desktop/embedded system/nti/avr/tools/sdk_win_64/sdk_win_64/winavr/bin/../lib/gcc/avr/4.3.3/avr5\libgcc.a(_usi_to_sf.o)
 .bss           0x0080017c        0x0 c:/users/ahmed/desktop/embedded system/nti/avr/tools/sdk_win_64/sdk_win_64/winavr/bin/../lib/gcc/avr/4.3.3/avr5\libgcc.a(_prologue.o)
 .bss           0x0080017c        0x0 c:/users/ahmed/desktop/embedded system/nti/avr/tools/sdk_win_64/sdk_win_64/winavr/bin/../lib/gcc/avr/4.3.3/avr5\libgcc.a(_epilogue.o)
 .bss           0x0080017c        0x0 c:/users/ahmed/desktop/embedded system/nti/avr/tools/sdk_win_64/sdk_win_64/winavr/bin/../lib/gcc/avr/4.3.3/avr5\libgcc.a(_clzsi2.o)
 .bss           0x0080017c        0x0 c:/users/ahmed/desktop/embedded system/nti/avr/tools/sdk_win_64/sdk_win_64/winavr/bin/../lib/gcc/avr/4.3.3/avr5\libgcc.a(_pack_sf.o)
 .bss           0x0080017c        0x0 c:/users/ahmed/desktop/embedded system/nti/avr/tools/sdk_win_64/sdk_win_64/winavr/bin/../lib/gcc/avr/4.3.3/avr5\libgcc.a(_unpack_sf.o)
 .bss           0x0080017c        0x0 c:/users/ahmed/desktop/embedded system/nti/avr/tools/sdk_win_64/sdk_win_64/winavr/bin/../lib/gcc/avr/4.3.3/avr5\libgcc.a(_fpcmp_parts_sf.o)
 .bss           0x0080017c        0x0 c:/users/ahmed/desktop/embedded system/nti/avr/tools/sdk_win_64/sdk_win_64/winavr/bin/../lib/gcc/avr/4.3.3/avr5\libgcc.a(_clz.o)
 .bss           0x0080017c        0x0 c:/users/ahmed/desktop/embedded system/nti/avr/tools/sdk_win_64/sdk_win_64/winavr/bin/../lib/gcc/avr/4.3.3/../../../../avr/lib/avr5\libc.a(strlen.o)
 .bss           0x0080017c        0x0 c:/users/ahmed/desktop/embedded system/nti/avr/tools/sdk_win_64/sdk_win_64/winavr/bin/../lib/gcc/avr/4.3.3/../../../../avr/lib/avr5\libc.a(strncmp.o)
 *(.bss*)
 .bss.OS_Ticks  0x0080017c        0x4 ./TMU_prog.o
 .bss.Num_CTC   0x00800180        0x1 ./TMU_prog.o
 .bss.CTC_Count
                0x00800181        0x1 ./TMU_prog.o
 .bss.Num_OVF   0x00800182        0x2 ./TMU_prog.o
 .bss.OVF_Count
                0x00800184        0x2 ./TMU_prog.o
 .bss.Preload   0x00800186        0x1 ./TMU_prog.o
 .bss.All_Tasks
                0x00800187       0x50 ./TMU_prog.o
 .bss.hold.1462
                0x008001d7        0x1 ./main.o
 .bss.hold.1484
                0x008001d8        0x1 ./main.o
 .bss.L_iter.1542
                0x008001d9        0x1 ./main.o
 *(COMMON)
 COMMON         0x008001da       0x16 ./main.o
                0x008001da                flag
                0x008001db                buffer
                0x008001ef                new
                0x008001f0                PROVIDE (__bss_end, .)
                0x0000200e                __data_load_start = LOADADDR (.data)
                0x0000212a                __data_load_end = (__data_load_start + SIZEOF (.data))

.noinit         0x008001f0        0x0
                0x008001f0                PROVIDE (__noinit_start, .)
 *(.noinit*)
                0x008001f0                PROVIDE (__noinit_end, .)
                0x008001f0                _end = .
                0x008001f0                PROVIDE (__heap_start, .)

.eeprom         0x00810000        0x0
 *(.eeprom*)
                0x00810000                __eeprom_end = .

.fuse
 *(.fuse)
 *(.lfuse)
 *(.hfuse)
 *(.efuse)

.lock
 *(.lock*)

.signature
 *(.signature*)

.stab           0x00000000     0x16ec
 *(.stab)
 .stab          0x00000000      0x60c ./DIO/DIO_prog.o
 .stab          0x0000060c      0x66c ./TMU_prog.o
                                0x678 (size before relaxing)
 .stab          0x00000c78      0x264 ./UART_Prog.o
                                0x2e8 (size before relaxing)
 .stab          0x00000edc      0x810 ./main.o
                                0x894 (size before relaxing)

.stabstr        0x00000000      0xc2e
 *(.stabstr)
 .stabstr       0x00000000      0xc2e ./DIO/DIO_prog.o

.stab.excl
 *(.stab.excl)

.stab.exclstr
 *(.stab.exclstr)

.stab.index
 *(.stab.index)

.stab.indexstr
 *(.stab.indexstr)

.comment
 *(.comment)

.debug
 *(.debug)

.line
 *(.line)

.debug_srcinfo
 *(.debug_srcinfo)

.debug_sfnames
 *(.debug_sfnames)

.debug_aranges  0x00000000      0x160
 *(.debug_aranges)
 .debug_aranges
                0x00000000       0x20 c:/users/ahmed/desktop/embedded system/nti/avr/tools/sdk_win_64/sdk_win_64/winavr/bin/../lib/gcc/avr/4.3.3/avr5\libgcc.a(_fixunssfsi.o)
 .debug_aranges
                0x00000020       0x20 c:/users/ahmed/desktop/embedded system/nti/avr/tools/sdk_win_64/sdk_win_64/winavr/bin/../lib/gcc/avr/4.3.3/avr5\libgcc.a(_addsub_sf.o)
 .debug_aranges
                0x00000040       0x20 c:/users/ahmed/desktop/embedded system/nti/avr/tools/sdk_win_64/sdk_win_64/winavr/bin/../lib/gcc/avr/4.3.3/avr5\libgcc.a(_mul_sf.o)
 .debug_aranges
                0x00000060       0x20 c:/users/ahmed/desktop/embedded system/nti/avr/tools/sdk_win_64/sdk_win_64/winavr/bin/../lib/gcc/avr/4.3.3/avr5\libgcc.a(_gt_sf.o)
 .debug_aranges
                0x00000080       0x20 c:/users/ahmed/desktop/embedded system/nti/avr/tools/sdk_win_64/sdk_win_64/winavr/bin/../lib/gcc/avr/4.3.3/avr5\libgcc.a(_ge_sf.o)
 .debug_aranges
                0x000000a0       0x20 c:/users/ahmed/desktop/embedded system/nti/avr/tools/sdk_win_64/sdk_win_64/winavr/bin/../lib/gcc/avr/4.3.3/avr5\libgcc.a(_sf_to_si.o)
 .debug_aranges
                0x000000c0       0x20 c:/users/ahmed/desktop/embedded system/nti/avr/tools/sdk_win_64/sdk_win_64/winavr/bin/../lib/gcc/avr/4.3.3/avr5\libgcc.a(_usi_to_sf.o)
 .debug_aranges
                0x000000e0       0x20 c:/users/ahmed/desktop/embedded system/nti/avr/tools/sdk_win_64/sdk_win_64/winavr/bin/../lib/gcc/avr/4.3.3/avr5\libgcc.a(_clzsi2.o)
 .debug_aranges
                0x00000100       0x20 c:/users/ahmed/desktop/embedded system/nti/avr/tools/sdk_win_64/sdk_win_64/winavr/bin/../lib/gcc/avr/4.3.3/avr5\libgcc.a(_pack_sf.o)
 .debug_aranges
                0x00000120       0x20 c:/users/ahmed/desktop/embedded system/nti/avr/tools/sdk_win_64/sdk_win_64/winavr/bin/../lib/gcc/avr/4.3.3/avr5\libgcc.a(_unpack_sf.o)
 .debug_aranges
                0x00000140       0x20 c:/users/ahmed/desktop/embedded system/nti/avr/tools/sdk_win_64/sdk_win_64/winavr/bin/../lib/gcc/avr/4.3.3/avr5\libgcc.a(_fpcmp_parts_sf.o)

.debug_pubnames
                0x00000000      0x1b5
 *(.debug_pubnames)
 .debug_pubnames
                0x00000000       0x23 c:/users/ahmed/desktop/embedded system/nti/avr/tools/sdk_win_64/sdk_win_64/winavr/bin/../lib/gcc/avr/4.3.3/avr5\libgcc.a(_fixunssfsi.o)
 .debug_pubnames
                0x00000023       0x2c c:/users/ahmed/desktop/embedded system/nti/avr/tools/sdk_win_64/sdk_win_64/winavr/bin/../lib/gcc/avr/4.3.3/avr5\libgcc.a(_addsub_sf.o)
 .debug_pubnames
                0x0000004f       0x1f c:/users/ahmed/desktop/embedded system/nti/avr/tools/sdk_win_64/sdk_win_64/winavr/bin/../lib/gcc/avr/4.3.3/avr5\libgcc.a(_mul_sf.o)
 .debug_pubnames
                0x0000006e       0x1e c:/users/ahmed/desktop/embedded system/nti/avr/tools/sdk_win_64/sdk_win_64/winavr/bin/../lib/gcc/avr/4.3.3/avr5\libgcc.a(_gt_sf.o)
 .debug_pubnames
                0x0000008c       0x1e c:/users/ahmed/desktop/embedded system/nti/avr/tools/sdk_win_64/sdk_win_64/winavr/bin/../lib/gcc/avr/4.3.3/avr5\libgcc.a(_ge_sf.o)
 .debug_pubnames
                0x000000aa       0x20 c:/users/ahmed/desktop/embedded system/nti/avr/tools/sdk_win_64/sdk_win_64/winavr/bin/../lib/gcc/avr/4.3.3/avr5\libgcc.a(_sf_to_si.o)
 .debug_pubnames
                0x000000ca       0x22 c:/users/ahmed/desktop/embedded system/nti/avr/tools/sdk_win_64/sdk_win_64/winavr/bin/../lib/gcc/avr/4.3.3/avr5\libgcc.a(_thenan_sf.o)
 .debug_pubnames
                0x000000ec       0x24 c:/users/ahmed/desktop/embedded system/nti/avr/tools/sdk_win_64/sdk_win_64/winavr/bin/../lib/gcc/avr/4.3.3/avr5\libgcc.a(_usi_to_sf.o)
 .debug_pubnames
                0x00000110       0x1f c:/users/ahmed/desktop/embedded system/nti/avr/tools/sdk_win_64/sdk_win_64/winavr/bin/../lib/gcc/avr/4.3.3/avr5\libgcc.a(_clzsi2.o)
 .debug_pubnames
                0x0000012f       0x1f c:/users/ahmed/desktop/embedded system/nti/avr/tools/sdk_win_64/sdk_win_64/winavr/bin/../lib/gcc/avr/4.3.3/avr5\libgcc.a(_pack_sf.o)
 .debug_pubnames
                0x0000014e       0x21 c:/users/ahmed/desktop/embedded system/nti/avr/tools/sdk_win_64/sdk_win_64/winavr/bin/../lib/gcc/avr/4.3.3/avr5\libgcc.a(_unpack_sf.o)
 .debug_pubnames
                0x0000016f       0x26 c:/users/ahmed/desktop/embedded system/nti/avr/tools/sdk_win_64/sdk_win_64/winavr/bin/../lib/gcc/avr/4.3.3/avr5\libgcc.a(_fpcmp_parts_sf.o)
 .debug_pubnames
                0x00000195       0x20 c:/users/ahmed/desktop/embedded system/nti/avr/tools/sdk_win_64/sdk_win_64/winavr/bin/../lib/gcc/avr/4.3.3/avr5\libgcc.a(_clz.o)

.debug_info     0x00000000     0x1d90
 *(.debug_info)
 .debug_info    0x00000000       0xb1 c:/users/ahmed/desktop/embedded system/nti/avr/tools/sdk_win_64/sdk_win_64/winavr/bin/../lib/gcc/avr/4.3.3/avr5\libgcc.a(_fixunssfsi.o)
 .debug_info    0x000000b1      0x47a c:/users/ahmed/desktop/embedded system/nti/avr/tools/sdk_win_64/sdk_win_64/winavr/bin/../lib/gcc/avr/4.3.3/avr5\libgcc.a(_addsub_sf.o)
 .debug_info    0x0000052b      0x485 c:/users/ahmed/desktop/embedded system/nti/avr/tools/sdk_win_64/sdk_win_64/winavr/bin/../lib/gcc/avr/4.3.3/avr5\libgcc.a(_mul_sf.o)
 .debug_info    0x000009b0      0x27f c:/users/ahmed/desktop/embedded system/nti/avr/tools/sdk_win_64/sdk_win_64/winavr/bin/../lib/gcc/avr/4.3.3/avr5\libgcc.a(_gt_sf.o)
 .debug_info    0x00000c2f      0x27f c:/users/ahmed/desktop/embedded system/nti/avr/tools/sdk_win_64/sdk_win_64/winavr/bin/../lib/gcc/avr/4.3.3/avr5\libgcc.a(_ge_sf.o)
 .debug_info    0x00000eae      0x2b0 c:/users/ahmed/desktop/embedded system/nti/avr/tools/sdk_win_64/sdk_win_64/winavr/bin/../lib/gcc/avr/4.3.3/avr5\libgcc.a(_sf_to_si.o)
 .debug_info    0x0000115e      0x12c c:/users/ahmed/desktop/embedded system/nti/avr/tools/sdk_win_64/sdk_win_64/winavr/bin/../lib/gcc/avr/4.3.3/avr5\libgcc.a(_thenan_sf.o)
 .debug_info    0x0000128a      0x206 c:/users/ahmed/desktop/embedded system/nti/avr/tools/sdk_win_64/sdk_win_64/winavr/bin/../lib/gcc/avr/4.3.3/avr5\libgcc.a(_usi_to_sf.o)
 .debug_info    0x00001490      0x117 c:/users/ahmed/desktop/embedded system/nti/avr/tools/sdk_win_64/sdk_win_64/winavr/bin/../lib/gcc/avr/4.3.3/avr5\libgcc.a(_clzsi2.o)
 .debug_info    0x000015a7      0x2df c:/users/ahmed/desktop/embedded system/nti/avr/tools/sdk_win_64/sdk_win_64/winavr/bin/../lib/gcc/avr/4.3.3/avr5\libgcc.a(_pack_sf.o)
 .debug_info    0x00001886      0x251 c:/users/ahmed/desktop/embedded system/nti/avr/tools/sdk_win_64/sdk_win_64/winavr/bin/../lib/gcc/avr/4.3.3/avr5\libgcc.a(_unpack_sf.o)
 .debug_info    0x00001ad7      0x210 c:/users/ahmed/desktop/embedded system/nti/avr/tools/sdk_win_64/sdk_win_64/winavr/bin/../lib/gcc/avr/4.3.3/avr5\libgcc.a(_fpcmp_parts_sf.o)
 .debug_info    0x00001ce7       0xa9 c:/users/ahmed/desktop/embedded system/nti/avr/tools/sdk_win_64/sdk_win_64/winavr/bin/../lib/gcc/avr/4.3.3/avr5\libgcc.a(_clz.o)
 *(.gnu.linkonce.wi.*)

.debug_abbrev   0x00000000     0x1016
 *(.debug_abbrev)
 .debug_abbrev  0x00000000       0x5d c:/users/ahmed/desktop/embedded system/nti/avr/tools/sdk_win_64/sdk_win_64/winavr/bin/../lib/gcc/avr/4.3.3/avr5\libgcc.a(_fixunssfsi.o)
 .debug_abbrev  0x0000005d      0x1ea c:/users/ahmed/desktop/embedded system/nti/avr/tools/sdk_win_64/sdk_win_64/winavr/bin/../lib/gcc/avr/4.3.3/avr5\libgcc.a(_addsub_sf.o)
 .debug_abbrev  0x00000247      0x21b c:/users/ahmed/desktop/embedded system/nti/avr/tools/sdk_win_64/sdk_win_64/winavr/bin/../lib/gcc/avr/4.3.3/avr5\libgcc.a(_mul_sf.o)
 .debug_abbrev  0x00000462      0x15a c:/users/ahmed/desktop/embedded system/nti/avr/tools/sdk_win_64/sdk_win_64/winavr/bin/../lib/gcc/avr/4.3.3/avr5\libgcc.a(_gt_sf.o)
 .debug_abbrev  0x000005bc      0x15a c:/users/ahmed/desktop/embedded system/nti/avr/tools/sdk_win_64/sdk_win_64/winavr/bin/../lib/gcc/avr/4.3.3/avr5\libgcc.a(_ge_sf.o)
 .debug_abbrev  0x00000716      0x17f c:/users/ahmed/desktop/embedded system/nti/avr/tools/sdk_win_64/sdk_win_64/winavr/bin/../lib/gcc/avr/4.3.3/avr5\libgcc.a(_sf_to_si.o)
 .debug_abbrev  0x00000895       0xad c:/users/ahmed/desktop/embedded system/nti/avr/tools/sdk_win_64/sdk_win_64/winavr/bin/../lib/gcc/avr/4.3.3/avr5\libgcc.a(_thenan_sf.o)
 .debug_abbrev  0x00000942      0x157 c:/users/ahmed/desktop/embedded system/nti/avr/tools/sdk_win_64/sdk_win_64/winavr/bin/../lib/gcc/avr/4.3.3/avr5\libgcc.a(_usi_to_sf.o)
 .debug_abbrev  0x00000a99       0xc4 c:/users/ahmed/desktop/embedded system/nti/avr/tools/sdk_win_64/sdk_win_64/winavr/bin/../lib/gcc/avr/4.3.3/avr5\libgcc.a(_clzsi2.o)
 .debug_abbrev  0x00000b5d      0x1c0 c:/users/ahmed/desktop/embedded system/nti/avr/tools/sdk_win_64/sdk_win_64/winavr/bin/../lib/gcc/avr/4.3.3/avr5\libgcc.a(_pack_sf.o)
 .debug_abbrev  0x00000d1d      0x154 c:/users/ahmed/desktop/embedded system/nti/avr/tools/sdk_win_64/sdk_win_64/winavr/bin/../lib/gcc/avr/4.3.3/avr5\libgcc.a(_unpack_sf.o)
 .debug_abbrev  0x00000e71      0x13b c:/users/ahmed/desktop/embedded system/nti/avr/tools/sdk_win_64/sdk_win_64/winavr/bin/../lib/gcc/avr/4.3.3/avr5\libgcc.a(_fpcmp_parts_sf.o)
 .debug_abbrev  0x00000fac       0x6a c:/users/ahmed/desktop/embedded system/nti/avr/tools/sdk_win_64/sdk_win_64/winavr/bin/../lib/gcc/avr/4.3.3/avr5\libgcc.a(_clz.o)

.debug_line     0x00000000      0xf2e
 *(.debug_line)
 .debug_line    0x00000000       0xa7 c:/users/ahmed/desktop/embedded system/nti/avr/tools/sdk_win_64/sdk_win_64/winavr/bin/../lib/gcc/avr/4.3.3/avr5\libgcc.a(_fixunssfsi.o)
 .debug_line    0x000000a7      0x2af c:/users/ahmed/desktop/embedded system/nti/avr/tools/sdk_win_64/sdk_win_64/winavr/bin/../lib/gcc/avr/4.3.3/avr5\libgcc.a(_addsub_sf.o)
 .debug_line    0x00000356      0x239 c:/users/ahmed/desktop/embedded system/nti/avr/tools/sdk_win_64/sdk_win_64/winavr/bin/../lib/gcc/avr/4.3.3/avr5\libgcc.a(_mul_sf.o)
 .debug_line    0x0000058f       0xd3 c:/users/ahmed/desktop/embedded system/nti/avr/tools/sdk_win_64/sdk_win_64/winavr/bin/../lib/gcc/avr/4.3.3/avr5\libgcc.a(_gt_sf.o)
 .debug_line    0x00000662       0xd3 c:/users/ahmed/desktop/embedded system/nti/avr/tools/sdk_win_64/sdk_win_64/winavr/bin/../lib/gcc/avr/4.3.3/avr5\libgcc.a(_ge_sf.o)
 .debug_line    0x00000735      0x109 c:/users/ahmed/desktop/embedded system/nti/avr/tools/sdk_win_64/sdk_win_64/winavr/bin/../lib/gcc/avr/4.3.3/avr5\libgcc.a(_sf_to_si.o)
 .debug_line    0x0000083e       0x90 c:/users/ahmed/desktop/embedded system/nti/avr/tools/sdk_win_64/sdk_win_64/winavr/bin/../lib/gcc/avr/4.3.3/avr5\libgcc.a(_thenan_sf.o)
 .debug_line    0x000008ce      0x133 c:/users/ahmed/desktop/embedded system/nti/avr/tools/sdk_win_64/sdk_win_64/winavr/bin/../lib/gcc/avr/4.3.3/avr5\libgcc.a(_usi_to_sf.o)
 .debug_line    0x00000a01       0xa5 c:/users/ahmed/desktop/embedded system/nti/avr/tools/sdk_win_64/sdk_win_64/winavr/bin/../lib/gcc/avr/4.3.3/avr5\libgcc.a(_clzsi2.o)
 .debug_line    0x00000aa6      0x18a c:/users/ahmed/desktop/embedded system/nti/avr/tools/sdk_win_64/sdk_win_64/winavr/bin/../lib/gcc/avr/4.3.3/avr5\libgcc.a(_pack_sf.o)
 .debug_line    0x00000c30      0x14b c:/users/ahmed/desktop/embedded system/nti/avr/tools/sdk_win_64/sdk_win_64/winavr/bin/../lib/gcc/avr/4.3.3/avr5\libgcc.a(_unpack_sf.o)
 .debug_line    0x00000d7b      0x137 c:/users/ahmed/desktop/embedded system/nti/avr/tools/sdk_win_64/sdk_win_64/winavr/bin/../lib/gcc/avr/4.3.3/avr5\libgcc.a(_fpcmp_parts_sf.o)
 .debug_line    0x00000eb2       0x7c c:/users/ahmed/desktop/embedded system/nti/avr/tools/sdk_win_64/sdk_win_64/winavr/bin/../lib/gcc/avr/4.3.3/avr5\libgcc.a(_clz.o)

.debug_frame    0x00000000      0x180
 *(.debug_frame)
 .debug_frame   0x00000000       0x20 c:/users/ahmed/desktop/embedded system/nti/avr/tools/sdk_win_64/sdk_win_64/winavr/bin/../lib/gcc/avr/4.3.3/avr5\libgcc.a(_fixunssfsi.o)
 .debug_frame   0x00000020       0x40 c:/users/ahmed/desktop/embedded system/nti/avr/tools/sdk_win_64/sdk_win_64/winavr/bin/../lib/gcc/avr/4.3.3/avr5\libgcc.a(_addsub_sf.o)
 .debug_frame   0x00000060       0x20 c:/users/ahmed/desktop/embedded system/nti/avr/tools/sdk_win_64/sdk_win_64/winavr/bin/../lib/gcc/avr/4.3.3/avr5\libgcc.a(_mul_sf.o)
 .debug_frame   0x00000080       0x20 c:/users/ahmed/desktop/embedded system/nti/avr/tools/sdk_win_64/sdk_win_64/winavr/bin/../lib/gcc/avr/4.3.3/avr5\libgcc.a(_gt_sf.o)
 .debug_frame   0x000000a0       0x20 c:/users/ahmed/desktop/embedded system/nti/avr/tools/sdk_win_64/sdk_win_64/winavr/bin/../lib/gcc/avr/4.3.3/avr5\libgcc.a(_ge_sf.o)
 .debug_frame   0x000000c0       0x20 c:/users/ahmed/desktop/embedded system/nti/avr/tools/sdk_win_64/sdk_win_64/winavr/bin/../lib/gcc/avr/4.3.3/avr5\libgcc.a(_sf_to_si.o)
 .debug_frame   0x000000e0       0x20 c:/users/ahmed/desktop/embedded system/nti/avr/tools/sdk_win_64/sdk_win_64/winavr/bin/../lib/gcc/avr/4.3.3/avr5\libgcc.a(_usi_to_sf.o)
 .debug_frame   0x00000100       0x20 c:/users/ahmed/desktop/embedded system/nti/avr/tools/sdk_win_64/sdk_win_64/winavr/bin/../lib/gcc/avr/4.3.3/avr5\libgcc.a(_clzsi2.o)
 .debug_frame   0x00000120       0x20 c:/users/ahmed/desktop/embedded system/nti/avr/tools/sdk_win_64/sdk_win_64/winavr/bin/../lib/gcc/avr/4.3.3/avr5\libgcc.a(_pack_sf.o)
 .debug_frame   0x00000140       0x20 c:/users/ahmed/desktop/embedded system/nti/avr/tools/sdk_win_64/sdk_win_64/winavr/bin/../lib/gcc/avr/4.3.3/avr5\libgcc.a(_unpack_sf.o)
 .debug_frame   0x00000160       0x20 c:/users/ahmed/desktop/embedded system/nti/avr/tools/sdk_win_64/sdk_win_64/winavr/bin/../lib/gcc/avr/4.3.3/avr5\libgcc.a(_fpcmp_parts_sf.o)

.debug_str      0x00000000      0x2b9
 *(.debug_str)
 .debug_str     0x00000000       0xbf c:/users/ahmed/desktop/embedded system/nti/avr/tools/sdk_win_64/sdk_win_64/winavr/bin/../lib/gcc/avr/4.3.3/avr5\libgcc.a(_fixunssfsi.o)
                                 0xfe (size before relaxing)
 .debug_str     0x000000bf      0x14d c:/users/ahmed/desktop/embedded system/nti/avr/tools/sdk_win_64/sdk_win_64/winavr/bin/../lib/gcc/avr/4.3.3/avr5\libgcc.a(_addsub_sf.o)
                                0x206 (size before relaxing)
 .debug_str     0x0000020c       0x27 c:/users/ahmed/desktop/embedded system/nti/avr/tools/sdk_win_64/sdk_win_64/winavr/bin/../lib/gcc/avr/4.3.3/avr5\libgcc.a(_mul_sf.o)
                                0x1bf (size before relaxing)
 .debug_str     0x00000233        0x8 c:/users/ahmed/desktop/embedded system/nti/avr/tools/sdk_win_64/sdk_win_64/winavr/bin/../lib/gcc/avr/4.3.3/avr5\libgcc.a(_gt_sf.o)
                                0x195 (size before relaxing)
 .debug_str     0x0000023b        0x8 c:/users/ahmed/desktop/embedded system/nti/avr/tools/sdk_win_64/sdk_win_64/winavr/bin/../lib/gcc/avr/4.3.3/avr5\libgcc.a(_ge_sf.o)
                                0x195 (size before relaxing)
 .debug_str     0x00000243        0xa c:/users/ahmed/desktop/embedded system/nti/avr/tools/sdk_win_64/sdk_win_64/winavr/bin/../lib/gcc/avr/4.3.3/avr5\libgcc.a(_sf_to_si.o)
                                0x19e (size before relaxing)
 .debug_str     0x00000000      0x103 c:/users/ahmed/desktop/embedded system/nti/avr/tools/sdk_win_64/sdk_win_64/winavr/bin/../lib/gcc/avr/4.3.3/avr5\libgcc.a(_thenan_sf.o)
 .debug_str     0x0000024d       0x21 c:/users/ahmed/desktop/embedded system/nti/avr/tools/sdk_win_64/sdk_win_64/winavr/bin/../lib/gcc/avr/4.3.3/avr5\libgcc.a(_usi_to_sf.o)
                                0x177 (size before relaxing)
 .debug_str     0x0000026e       0x20 c:/users/ahmed/desktop/embedded system/nti/avr/tools/sdk_win_64/sdk_win_64/winavr/bin/../lib/gcc/avr/4.3.3/avr5\libgcc.a(_clzsi2.o)
                                0x111 (size before relaxing)
 .debug_str     0x0000028e       0x10 c:/users/ahmed/desktop/embedded system/nti/avr/tools/sdk_win_64/sdk_win_64/winavr/bin/../lib/gcc/avr/4.3.3/avr5\libgcc.a(_pack_sf.o)
                                0x19d (size before relaxing)
 .debug_str     0x0000029e        0xb c:/users/ahmed/desktop/embedded system/nti/avr/tools/sdk_win_64/sdk_win_64/winavr/bin/../lib/gcc/avr/4.3.3/avr5\libgcc.a(_unpack_sf.o)
                                0x17f (size before relaxing)
 .debug_str     0x000002a9       0x10 c:/users/ahmed/desktop/embedded system/nti/avr/tools/sdk_win_64/sdk_win_64/winavr/bin/../lib/gcc/avr/4.3.3/avr5\libgcc.a(_fpcmp_parts_sf.o)
                                0x163 (size before relaxing)
 .debug_str     0x00000000       0xf4 c:/users/ahmed/desktop/embedded system/nti/avr/tools/sdk_win_64/sdk_win_64/winavr/bin/../lib/gcc/avr/4.3.3/avr5\libgcc.a(_clz.o)

.debug_loc      0x00000000      0x872
 *(.debug_loc)
 .debug_loc     0x00000000       0x34 c:/users/ahmed/desktop/embedded system/nti/avr/tools/sdk_win_64/sdk_win_64/winavr/bin/../lib/gcc/avr/4.3.3/avr5\libgcc.a(_fixunssfsi.o)
 .debug_loc     0x00000034      0x32a c:/users/ahmed/desktop/embedded system/nti/avr/tools/sdk_win_64/sdk_win_64/winavr/bin/../lib/gcc/avr/4.3.3/avr5\libgcc.a(_addsub_sf.o)
 .debug_loc     0x0000035e      0x104 c:/users/ahmed/desktop/embedded system/nti/avr/tools/sdk_win_64/sdk_win_64/winavr/bin/../lib/gcc/avr/4.3.3/avr5\libgcc.a(_mul_sf.o)
 .debug_loc     0x00000462       0x3c c:/users/ahmed/desktop/embedded system/nti/avr/tools/sdk_win_64/sdk_win_64/winavr/bin/../lib/gcc/avr/4.3.3/avr5\libgcc.a(_gt_sf.o)
 .debug_loc     0x0000049e       0x3c c:/users/ahmed/desktop/embedded system/nti/avr/tools/sdk_win_64/sdk_win_64/winavr/bin/../lib/gcc/avr/4.3.3/avr5\libgcc.a(_ge_sf.o)
 .debug_loc     0x000004da       0x7e c:/users/ahmed/desktop/embedded system/nti/avr/tools/sdk_win_64/sdk_win_64/winavr/bin/../lib/gcc/avr/4.3.3/avr5\libgcc.a(_sf_to_si.o)
 .debug_loc     0x00000558       0x4c c:/users/ahmed/desktop/embedded system/nti/avr/tools/sdk_win_64/sdk_win_64/winavr/bin/../lib/gcc/avr/4.3.3/avr5\libgcc.a(_usi_to_sf.o)
 .debug_loc     0x000005a4       0x94 c:/users/ahmed/desktop/embedded system/nti/avr/tools/sdk_win_64/sdk_win_64/winavr/bin/../lib/gcc/avr/4.3.3/avr5\libgcc.a(_clzsi2.o)
 .debug_loc     0x00000638      0x13e c:/users/ahmed/desktop/embedded system/nti/avr/tools/sdk_win_64/sdk_win_64/winavr/bin/../lib/gcc/avr/4.3.3/avr5\libgcc.a(_pack_sf.o)
 .debug_loc     0x00000776       0xac c:/users/ahmed/desktop/embedded system/nti/avr/tools/sdk_win_64/sdk_win_64/winavr/bin/../lib/gcc/avr/4.3.3/avr5\libgcc.a(_unpack_sf.o)
 .debug_loc     0x00000822       0x50 c:/users/ahmed/desktop/embedded system/nti/avr/tools/sdk_win_64/sdk_win_64/winavr/bin/../lib/gcc/avr/4.3.3/avr5\libgcc.a(_fpcmp_parts_sf.o)

.debug_macinfo
 *(.debug_macinfo)
OUTPUT(TMU_May.elf elf32-avr)
LOAD linker stubs

.debug_ranges   0x00000000       0x50
 .debug_ranges  0x00000000       0x50 c:/users/ahmed/desktop/embedded system/nti/avr/tools/sdk_win_64/sdk_win_64/winavr/bin/../lib/gcc/avr/4.3.3/avr5\libgcc.a(_mul_sf.o)
